// Jest Snapshot v1, https://goo.gl/fbAQLP

exports[`Pruebas en <GifGridItem/> debe de mostrar el componente correctamente 1`] = `
<div
  className="card animate__animated animate__fadeIn animate__delay-0.5s"
>
  <img
    alt="Gif de test"
    src="https://localhost/algo.jpg"
  />
  <p>
    Gif de test
  </p>
</div>
`;
